---
source: crates/reddb-server/tests/geo_parser_snapshots.rs
expression: "fmt_parse_error(\"SEARCH SPATIAL NEAREST 0.0 0.0 K -1 COLLECTION sites COLUMN location\")"
---
input: "SEARCH SPATIAL NEAREST 0.0 0.0 K -1 COLLECTION sites COLUMN location"
kind:  Syntax
error: Parse error at 1:34: Unexpected token: - (expected: integer)
