---
source: crates/reddb-server/tests/geo_parser_snapshots.rs
expression: "fmt_parse_error(\"SEARCH SPATIAL RADIUS 0.0 0.0 -10.0 COLLECTION c COLUMN col\")"
---
input: "SEARCH SPATIAL RADIUS 0.0 0.0 -10.0 COLLECTION c COLUMN col"
kind:  Syntax
error: Parse error at 1:31: Unexpected token: - (expected: number)
