---
source: crates/reddb-server/tests/parser_snapshots.rs
expression: "fmt_parse_error(\"    \\n\\t  \")"
---
input: "    \n\t  "
kind:  Syntax
error: Parse error at 2:4: Unexpected token: EOF (expected: SELECT, MATCH, PATH, FROM, VECTOR, HYBRID, INSERT, UPDATE, DELETE, CREATE, DROP, ALTER, GRAPH, SEARCH, ASK, QUEUE, HLL, TREE, SKETCH, FILTER, SET, SHOW)
