---
source: crates/reddb-server/tests/probabilistic_parser_snapshots.rs
expression: "fmt_parse_error(\"CREATE SKETCH s1 WIDTH -1\")"
---
input: "CREATE SKETCH s1 WIDTH -1"
kind:  ValueOutOfRange { field: "WIDTH", constraint: "must be a positive integer" }
error: Parse error at 1:24: WIDTH must be a positive integer
