---
source: crates/reddb-server/tests/subquery_snapshots.rs
expression: "fmt_parse_error(\"SELECT * FROM users u WHERE u.id = \\\n     (SELECT user_id FROM orders o WHERE o.user_id = u.id)\")"
---
UNEXPECTED OK
input: "SELECT * FROM users u WHERE u.id = (SELECT user_id FROM orders o WHERE o.user_id = u.id)"
