---
source: crates/reddb-server/tests/timeseries_parser_snapshots.rs
expression: "fmt_parse_error(\"CREATE HYPERTABLE metrics TIME_COLUMN ts CHUNK_INTERVAL 86400\")"
---
input: "CREATE HYPERTABLE metrics TIME_COLUMN ts CHUNK_INTERVAL 86400"
kind:  Syntax
error: Parse error at 1:57: CHUNK_INTERVAL expects a string duration literal, got Integer(86400)
