---
source: crates/reddb-server/tests/timeseries_parser_snapshots.rs
assertion_line: 124
expression: "fmt_parse_error(\"CREATE HYPERTABLE metrics TIME_COLUMN ts CHUNK_INTERVAL '1y'\")"
---
input: "CREATE HYPERTABLE metrics TIME_COLUMN ts CHUNK_INTERVAL '1y'"
kind:  Syntax
error: Parse error at 1:57: CHUNK_INTERVAL duration "1y" is not a valid duration literal
