---
source: crates/reddb-server/tests/vector_search_snapshots.rs
expression: "fmt_parse_error(\"INSERT INTO t (a) VALUES ('x') WITH AUTO EMBED (a) USING\")"
---
input: "INSERT INTO t (a) VALUES ('x') WITH AUTO EMBED (a) USING"
kind:  Syntax
error: Parse error at 1:52: Unexpected token after query: USING
