---
source: crates/reddb-server/tests/vector_search_snapshots.rs
expression: "fmt_parse_error(\"INSERT INTO t (a) VALUES ('x') WITH AUTO EMBED (a) USING openai MODEL\")"
---
input: "INSERT INTO t (a) VALUES ('x') WITH AUTO EMBED (a) USING openai MODEL"
kind:  Syntax
error: Parse error at 1:70: Unexpected token: EOF (expected: string)
